## mapa rj

REDETVRJ=RedeTV!,RedeTV! HD
GLOBORJ=Globo HD,Globo
SBTRJ=SBT HD,SBT
BANDRJ=Band HD,Band
RECORDRJ=RECORDTV HD,RECORDTV
ADULTSWIM=Adult Swim,Adult Swim HD
AE=A&E,A&E HD
AGROMAIS=AgroMais HD,AgroMais
AMC=AMC,AMC HD
ANIMALPLANET=Animal Planet,Animal Planet HD
ARTE1=Arte 1,Arte 1 HD
AXN=AXN,AXN HD
BANDNEWS=Band News,Band News HD
BANDSPORTS=Band Sports HD,Band Sports
BBC=BBC
BIS=BIS,BIS HD
BLOOMBERGTV=Bloomberg
BMCHD=BM&C HD
BOAVONTADE=Boa Vontade TV
C3TV=C3-TV HD
CANALBRASIL=Canal Brasil,Canal Brasil HD
CANALDOBOI=Canal do Boi
CANALRURAL=Canal Rural,Canal Rural HD
CANALSONY=Canal Sony,Canal Sony HD
CARTOONITO=Cartoonito,Cartoonito HD
CARTOONNETWORK=Cartoon Network,Cartoon Network HD
CGTN=CGTN,CGTN HD
CINEMAX=Cinemax HD,Cinemax
CNNBRASIL=CNN Brasil,CNN Brasil HD
CNNBRASILMONEY=CNN Brasil Money HD
CNNINTERNATIONAL=CNN International HD,CNN International
CNT=CNT,CNT HD
COMBATEHD=Combate HD,Combate
CULTURA=Cultura HD,Cultura
CURTA=Curta!,Curta! HD
DISCHOMEHEALTH=Disc. Home & Health HD,Disc. Home & Health
DISCOVERYCHANNEL=Discovery Channel,Discovery Channel HD
DISCOVERYKIDS=Discovery Kids,Discovery Kids HD
DISCOVERYSCIENCE=Discovery Science,Discovery Science HD
DISCOVERYTHEATER=Discovery Theater,Discovery Theater HD
DISCOVERYTURBO=Discovery Turbo,Discovery Turbo HD
DISCOVERYWORLD=Discovery World,Discovery World HD
DOGTVHD=DOG TV
DUMDUM=DUMDUM HD,DUMDUM
DWDEUTSCHPLUS=DW Español
E=E!,E! HD
ESPN=ESPN,ESPN HD
ESPN2=ESPN 2,ESPN 2 HD
ESPN3=ESPN 3,ESPN 3 HD
ESPN4=ESPN 4,ESPN 4 HD
ESPN5=ESPN 5,ESPN 5 HD
ESPN6=ESPN 6,ESPN 6 HD
EUROCHANNELHD=Eurochannel,Eurochannel HD
FASHIONTV=Fashion TV HD
FILMARTS=Film&Arts,Film&Arts HD
FISHTV=Fish TV,Fish TV HD
FOODNETWORK=Food Network,Food Network HD
FRANCE24=France 24,France 24 HD
FUTURA=Futura,Futura HD
GAZETA=TV Gazeta HD,TV Gazeta
GETV=GE TV HD
GLOBONEWS=GloboNews,GloboNews HD
GLOBOPLAYNOVELAS=Globoplay Novelas,Globoplay Novelas HD
GLOOB=Gloob,Gloob HD
GLOOBINHO=Gloobinho,Gloobinho HD
GNT=GNT HD,GNT
HBO=HBO,HBO HD
HBO2=HBO2,HBO2 HD
HBOFAMILY=HBO Family,HBO Family HD
HBOMUNDI=HBO MUNDI HD,HBO MUNDI
HBOPLUS=HBO+ HD,HBO+
HBOPOP=HBO POP HD,HBO POP
HBOSIGNATURE=HBO Signature,HBO Signature HD
HBOXTREME=HBO XTREME,HBO XTREME HD
HGTV=HGTV,HGTV HD
HISTORY=History,History HD
HISTORY2=History 2,History 2 HD
ID=ID,ID HD
JPNEWS=JP News HD
LIFETIME=Lifetime,Lifetime HD
LIKE=Like HD
LMC=LMC+ HD
MARKKET=Markket HD
MEGAPIX=Megapix,Megapix HD
MODOVIAGEM=Modo Viagem,Modo Viagem HD
MULTISHOW=Multishow,Multishow HD
MUSICBOXBRAZIL=Music Box Brazil,Music Box Brazil HD
NHK=NHK
NSPORTSHD=NSPORTS HD
OFF=OFF,OFF HD
PAIETERNO=Pai Eterno HD,Pai Eterno
PARAMOUNTPLUS1=Paramount+
PARAMOUNTPLUS2=Paramount+ 2
PARAMOUNTPLUS3=Paramount+ 3
PARAMOUNTPLUS4=Paramount+ 4
PLAYBOYTV=Playboy TV,Playboy TV HD
PLAYTV=Play TV,Play TV HD
POLISHOPTV=Polishop TV
PREMIERE2=Premiere 2,Premiere 2 HD
PREMIERE3=Premiere 3,Premiere 3 HD
PREMIERE4=Premiere 4,Premiere 4 HD
PREMIERE5=Premiere 5,Premiere 5 HD
PREMIERE6=Premiere 6,Premiere 6 HD
PREMIERE7=Premiere 7,Premiere 7 HD
PREMIERE8=Premiere 8,Premiere 8 HD
PREMIERECLUBES=Premiere Clubes,Premiere Clubes HD
PRIMEBOXBRAZIL=Prime Box Brazil,Prime Box Brazil HD
RAI=RAI
RECORDNEWS=Record News,Record News HD
REDEBRASIL=Rede Brasil
REDEVIDA=Rede Vida,Rede Vida HD
SABORARTE=Sabor & Arte HD,Sabor & Arte
SBTNEWS=SBT News HD
SEXTREME=Sextreme
SEXYHOT=Sexy Hot,Sexy Hot HD
SICINTERNACIONAL=SIC Internacional
SPACE=Space,Space HD
SPORTV=sportv,sportv HD
SPORTV2=sportv2,sportv2 HD
SPORTV3=sportv3,sportv3 HD
SPORTYNET=SPORTYNET
SPORTYNETPLUS1=SPORTYNET + 1
SPORTYNETPLUS2=SPORTYNET + 2
SPORTYNETPLUS3=SPORTYNET + 3
STUDIOUNIVERSAL=Studio Universal HD,Studio Universal
TCM=TCM
TELECINEACTION=Telecine Action,Telecine Action HD
TELECINECULT=Telecine Cult,Telecine Cult HD
TELECINEFUN=Telecine Fun,Telecine Fun HD
TELECINEPIPOCA=Telecine Pipoca,Telecine Pipoca HD
TELECINEPREMIUM=Telecine Premium,Telecine Premium HD
TELECINETOUCH=Telecine Touch,Telecine Touch HD
TIMESCNBC=TIMES | EXCLUSIVO CNBC
TLC=TLC,TLC HD
TNT=TNT,TNT HD
TNTNOVELAS=TNT Novelas HD,TNT Novelas
TNTSERIES=TNT Séries HD,TNT Séries
TRACEBRAZUCA=Trace Brasil HD,Trace Brasil HD
TRAVELBOXBRAZILHD=Travel Box Brazil,Travel Box Brazil HD
TRAVELFOODDRINKS=Travel Food & Drinks HD
TRIPBRASIL=TBC - Trip Brasil Channel HD
TV5=TV5
TVAPARECIDA=TV Aparecida HD,TV Aparecida
TVBRASIL=TV Brasil HD,TV Brasil
TVCANONOVA=Canção Nova HD,TV Canção Nova
TVCMARA=TV Câmara
TVE=TVE
TVJUSTIA=TV Justiça
TVNOVOTEMPO=TV Novo Tempo,TV Novo Tempo HD
TVRTIMBUM=TV Rá Tim Bum,TV Rá Tim Bum HD
TVSENADO=TV Senado
UNIVERSALPREMIERE=Universal Premiere HD
UNIVERSALREALITY=Universal Reality HD
UNIVERSALTV=Universal TV,Universal TV HD
UOLTV=Canal UOL HD
USA=USA,USA HD
VENUS=Venus
WARNERCHANNEL=Warner Channel,Warner Channel HD
WOOHOO=Woohoo,Woohoo HD
XSPORTS=Xsports,Xsports HD